[saopaulo.drupalcamp.com.br/index.html]
[backblue.gif]
[fade.gif]
[index.html]
[saopaulo.drupalcamp.com.br/sites/saopaulo.drupalcamp.com.br/files/css/css_kShW4RPmRstZ3SpIC-ZvVGNFVAi0WEMuCnI0ZkYIaFw.css]
[saopaulo.drupalcamp.com.br/sites/saopaulo.drupalcamp.com.br/files/css/css_xD0LxSb8ZrQZhbCr57ntwWxQKrWJQng4cQwhovYslfE.css]
[saopaulo.drupalcamp.com.br/sites/saopaulo.drupalcamp.com.br/files/css/css_AAnPnOa-LbI7dEv01pcEbuuipLbMZfpk_c84KFmpxnE.css]
[saopaulo.drupalcamp.com.br/sites/saopaulo.drupalcamp.com.br/files/css/css_gWeu3RIgwwEdyUZHE71vk0989K9383vZXC6Tmyq16Xo.css]
[saopaulo.drupalcamp.com.br/sites/saopaulo.drupalcamp.com.br/files/css/css_bNTPp8D0cUuaefo1uEuyyddB03PECvdU3nTK1Is6B5M.css]
[ajax.googleapis.com/ajax/libs/jquery/1.10.2/jquery.min.js]
[saopaulo.drupalcamp.com.br/sites/saopaulo.drupalcamp.com.br/files/js/js_IkgOrrVZK1UTp2HktvFi5vo1g7b25Muyr5GoySikuic.js]
[maxcdn.bootstrapcdn.com/bootstrap/3.1.1/js/bootstrap.min.js]
[ajax.googleapis.com/ajax/libs/jqueryui/1.10.2/jquery-ui.min.js]
[saopaulo.drupalcamp.com.br/sites/saopaulo.drupalcamp.com.br/files/js/js_9PoCIpaBdXzAfwjeoO2ibi_TtEs6jMROpVOwk-_WIBw.js]
[saopaulo.drupalcamp.com.br/sites/saopaulo.drupalcamp.com.br/files/js/js_0am8cn8pqb9kbYPFLL2j3Jp-K2ZKlV1nOcqoCBS53hk.js]
[saopaulo.drupalcamp.com.br/sites/saopaulo.drupalcamp.com.br/files/js/js_TJIicOYd5l-karXzJbPU9U0XmwCDPpnCmbPqNxzMvLQ.js]
[www.google-analytics.com/analytics.js]
[saopaulo.drupalcamp.com.br/sites/saopaulo.drupalcamp.com.br/files/js/js_5Aob2t4yg02hinfzqZNNc-GLNhqkVzPG6-mUEJ95JcY.js]
[saopaulo.drupalcamp.com.br/sites/saopaulo.drupalcamp.com.br/files/js/js_o69K6ic89k_1Ghr4mc8-OHnWfJ3zMPDsBG83zIlklxk.js]
[saopaulo.drupalcamp.com.br/sites/saopaulo.drupalcamp.com.br/files/js/js_WG4QOvF0q4Kcp6AKXtUCk-RzXnhyFnH-RtuIHWgyuiY.js]
[cdn.sendpulse.com/28edd3380a1c17cf65b137fe96516659/js/push/a093c586261a31899493255674f96263_0.js]
[saopaulo.drupalcamp.com.br/evento.html]
[saopaulo.drupalcamp.com.br/content/o-que-terá-no-evento.html]
[saopaulo.drupalcamp.com.br/content/keynotes.html]
[saopaulo.drupalcamp.com.br/palestrantes.html]
[saopaulo.drupalcamp.com.br/content/progamação.html]
[saopaulo.drupalcamp.com.br/patrocinadores.html]
[saopaulo.drupalcamp.com.br/content/newsletter.html]
[saopaulo.drupalcamp.com.br/content/voluntário.html]
[saopaulo.drupalcamp.com.br/content/local.html]
[saopaulo.drupalcamp.com.br/contato.html]
[saopaulo.drupalcamp.com.br/content/código-de-conduta.html]
[saopaulo.drupalcamp.com.br/sites/saopaulo.drupalcamp.com.br/files/imagens/preston.jpg]
[saopaulo.drupalcamp.com.br/sites/saopaulo.drupalcamp.com.br/files/imagens/alberto.jpg]
[saopaulo.drupalcamp.com.br/sites/saopaulo.drupalcamp.com.br/files/imagens/alex.jpg]
[saopaulo.drupalcamp.com.br/sites/saopaulo.drupalcamp.com.br/files/imagens/anderson.jpg]
[saopaulo.drupalcamp.com.br/sites/saopaulo.drupalcamp.com.br/files/imagens/Andrea.jpg]
[saopaulo.drupalcamp.com.br/sites/saopaulo.drupalcamp.com.br/files/imagens/Camila.jpg]
[saopaulo.drupalcamp.com.br/sites/saopaulo.drupalcamp.com.br/files/imagens/cleber.jpg]
[saopaulo.drupalcamp.com.br/sites/saopaulo.drupalcamp.com.br/files/imagens/daniel.jpg]
[saopaulo.drupalcamp.com.br/sites/saopaulo.drupalcamp.com.br/files/imagens/emanuel.jpg]
[saopaulo.drupalcamp.com.br/sites/saopaulo.drupalcamp.com.br/files/imagens/fernando-katsu.jpg]
[saopaulo.drupalcamp.com.br/sites/saopaulo.drupalcamp.com.br/files/imagens/lucas-silva_0.jpg]
[saopaulo.drupalcamp.com.br/sites/saopaulo.drupalcamp.com.br/files/imagens/lucas.png]
[saopaulo.drupalcamp.com.br/sites/saopaulo.drupalcamp.com.br/files/imagens/luiz-petri.jpg]
[saopaulo.drupalcamp.com.br/sites/saopaulo.drupalcamp.com.br/files/imagens/marcelo-hayashi.jpg]
[saopaulo.drupalcamp.com.br/sites/saopaulo.drupalcamp.com.br/files/imagens/marcelo.jpg]
[saopaulo.drupalcamp.com.br/sites/saopaulo.drupalcamp.com.br/files/imagens/marcio.jpg]
[saopaulo.drupalcamp.com.br/sites/saopaulo.drupalcamp.com.br/files/imagens/Mariana.jpg]
[saopaulo.drupalcamp.com.br/sites/saopaulo.drupalcamp.com.br/files/imagens/rafael-silva.jpg]
[saopaulo.drupalcamp.com.br/sites/saopaulo.drupalcamp.com.br/files/imagens/renato.png]
[saopaulo.drupalcamp.com.br/sites/saopaulo.drupalcamp.com.br/files/imagens/sebas.jpg]
[saopaulo.drupalcamp.com.br/sites/saopaulo.drupalcamp.com.br/files/imagens/thabata.jpg]
[saopaulo.drupalcamp.com.br/sites/saopaulo.drupalcamp.com.br/files/imagens/vanessa.jpg]
[saopaulo.drupalcamp.com.br/sites/saopaulo.drupalcamp.com.br/files/imagens/weydson.jpg]
[saopaulo.drupalcamp.com.br/sites/saopaulo.drupalcamp.com.br/files/imagens/yago.jpg]
[saopaulo.drupalcamp.com.br/sites/saopaulo.drupalcamp.com.br/files/imagens/itelios_logo_new.png]
[saopaulo.drupalcamp.com.br/sites/saopaulo.drupalcamp.com.br/files/imagens/jussi_logo.png]
[saopaulo.drupalcamp.com.br/sites/saopaulo.drupalcamp.com.br/files/imagens/mmda.png]
[saopaulo.drupalcamp.com.br/sites/saopaulo.drupalcamp.com.br/files/imagens/acquia-logo.png]
[saopaulo.drupalcamp.com.br/sites/saopaulo.drupalcamp.com.br/files/imagens/phpwomen.png]
[saopaulo.drupalcamp.com.br/sites/saopaulo.drupalcamp.com.br/files/imagens/logo-asl-org.png]
[saopaulo.drupalcamp.com.br/sites/saopaulo.drupalcamp.com.br/files/imagens/adb-logo.png]
[saopaulo.drupalcamp.com.br/sites/saopaulo.drupalcamp.com.br/files/imagens/Patrocinio-DrupalCamp-2017-ADB.pdf]
[static.mailerlite.com/images/rolling@2x.gif]
[static.mailerlite.com/js/w/webforms.min70f1.js]
[cdnjs.cloudflare.com/ajax/libs/waypoints/2.0.3/waypoints.min.js]
[cdnjs.cloudflare.com/ajax/libs/Readmore.js/2.2.0/readmore.min.js]
[saopaulo.drupalcamp.com.br/sites/saopaulo.drupalcamp.com.br/files/imagens/sao-paulo-overlay.jpg]
[cdnjs.cloudflare.com/ajax/libs/Counter-Up/1.0.0/jquery.counterup.min.js]
[saopaulo.drupalcamp.com.br/index.html]
[saopaulo.drupalcamp.com.br/node/2.html]
[saopaulo.drupalcamp.com.br/sites/saopaulo.drupalcamp.com.br/files/css/css__-PtBWiPOKVyr_K5yFfl6WMllIkThfkO4HFCxukIe64.css]
[saopaulo.drupalcamp.com.br/sites/saopaulo.drupalcamp.com.br/files/js/js_J65IhXJzSzjoXjI0vb9YvMNLkFtBz4ZQDaDhpqPalvo.js]
[saopaulo.drupalcamp.com.br/evento.html]
[saopaulo.drupalcamp.com.br/node/26.html]
[saopaulo.drupalcamp.com.br/content/o-que-terá-no-evento.html]
[saopaulo.drupalcamp.com.br/node/51.html]
[saopaulo.drupalcamp.com.br/content/keynotes.html]
[saopaulo.drupalcamp.com.br/node/3.html]
[saopaulo.drupalcamp.com.br/palestrantes.html]
[saopaulo.drupalcamp.com.br/node/36.html]
[saopaulo.drupalcamp.com.br/content/progamação.html]
[saopaulo.drupalcamp.com.br/content/inscreva-se]
[saopaulo.drupalcamp.com.br/patrocinadores.html]
[saopaulo.drupalcamp.com.br/node/4.html]
[saopaulo.drupalcamp.com.br/content/newsletter.html]
[saopaulo.drupalcamp.com.br/node/31.html]
[saopaulo.drupalcamp.com.br/content/voluntário.html]
[saopaulo.drupalcamp.com.br/content/local.html]
[saopaulo.drupalcamp.com.br/node/16.html]
[saopaulo.drupalcamp.com.br/node/11.html]
[saopaulo.drupalcamp.com.br/contato.html]
[saopaulo.drupalcamp.com.br/sites/saopaulo.drupalcamp.com.br/files/js/js_tL-GB7EYwK1wvQZ_0oIR0ixY1BRWB3pnS1Xh5DnXk5Y.js]
[saopaulo.drupalcamp.com.br/content/código-de-conduta.html]
[saopaulo.drupalcamp.com.br/node/2.html]
[saopaulo.drupalcamp.com.br/node/26.html]
[saopaulo.drupalcamp.com.br/node/51.html]
[saopaulo.drupalcamp.com.br/node/3.html]
[saopaulo.drupalcamp.com.br/node/36.html]
[saopaulo.drupalcamp.com.br/node/41.html]
[saopaulo.drupalcamp.com.br/content/inscreva-se]
[saopaulo.drupalcamp.com.br/node/4.html]
[saopaulo.drupalcamp.com.br/node/31.html]
[saopaulo.drupalcamp.com.br/node/21]
[saopaulo.drupalcamp.com.br/node/16.html]
[saopaulo.drupalcamp.com.br/node/11.html]
[saopaulo.drupalcamp.com.br/node/41.html]
[saopaulo.drupalcamp.com.br/node/46.html]
[saopaulo.drupalcamp.com.br/node/46.html]
[saopaulo.drupalcamp.com.br/node/21]
[saopaulo.drupalcamp.com.br/sites/saopaulo.drupalcamp.com.br/files/css/css_kShW4RPmRstZ3SpIC-ZvVGNFVAi0WEMuCnI0ZkYIaFw.css]
[saopaulo.drupalcamp.com.br/sites/saopaulo.drupalcamp.com.br/modules/contrib/jquery_update/replace/ui/themes/base/minified/images/ui-bg_flat_75_ffffff_40x100.png]
[saopaulo.drupalcamp.com.br/sites/saopaulo.drupalcamp.com.br/modules/contrib/jquery_update/replace/ui/themes/base/minified/images/ui-bg_highlight-soft_75_cccccc_1x100.png]
[saopaulo.drupalcamp.com.br/sites/saopaulo.drupalcamp.com.br/modules/contrib/jquery_update/replace/ui/themes/base/minified/images/ui-bg_glass_75_e6e6e6_1x400.png]
[saopaulo.drupalcamp.com.br/sites/saopaulo.drupalcamp.com.br/modules/contrib/jquery_update/replace/ui/themes/base/minified/images/ui-bg_glass_75_dadada_1x400.png]
[saopaulo.drupalcamp.com.br/sites/saopaulo.drupalcamp.com.br/modules/contrib/jquery_update/replace/ui/themes/base/minified/images/ui-bg_glass_65_ffffff_1x400.png]
[saopaulo.drupalcamp.com.br/sites/saopaulo.drupalcamp.com.br/modules/contrib/jquery_update/replace/ui/themes/base/minified/images/ui-bg_glass_55_fbf9ee_1x400.png]
[saopaulo.drupalcamp.com.br/sites/saopaulo.drupalcamp.com.br/modules/contrib/jquery_update/replace/ui/themes/base/minified/images/ui-bg_glass_95_fef1ec_1x400.png]
[saopaulo.drupalcamp.com.br/sites/saopaulo.drupalcamp.com.br/modules/contrib/jquery_update/replace/ui/themes/base/minified/images/ui-icons_222222_256x240.png]
[saopaulo.drupalcamp.com.br/sites/saopaulo.drupalcamp.com.br/modules/contrib/jquery_update/replace/ui/themes/base/minified/images/ui-icons_888888_256x240.68.delayed]
[saopaulo.drupalcamp.com.br/sites/saopaulo.drupalcamp.com.br/modules/contrib/jquery_update/replace/ui/themes/base/minified/images/ui-icons_454545_256x240.png]
[saopaulo.drupalcamp.com.br/sites/saopaulo.drupalcamp.com.br/modules/contrib/jquery_update/replace/ui/themes/base/minified/images/ui-icons_2e83ff_256x240.png]
[saopaulo.drupalcamp.com.br/sites/saopaulo.drupalcamp.com.br/modules/contrib/jquery_update/replace/ui/themes/base/minified/images/ui-icons_cd0a0a_256x240.png]
[saopaulo.drupalcamp.com.br/sites/saopaulo.drupalcamp.com.br/modules/contrib/jquery_update/replace/ui/themes/base/minified/images/ui-bg_flat_0_aaaaaa_40x100.png]
[cdn.sendpulse.com/28edd3380a1c17cf65b137fe96516659/js/push/a093c586261a31899493255674f96263_0.js]
[saopaulo.drupalcamp.com.br/sites/saopaulo.drupalcamp.com.br/files/css/css_xD0LxSb8ZrQZhbCr57ntwWxQKrWJQng4cQwhovYslfE.css]
[saopaulo.drupalcamp.com.br/sites/saopaulo.drupalcamp.com.br/files/css/css_AAnPnOa-LbI7dEv01pcEbuuipLbMZfpk_c84KFmpxnE.css]
[saopaulo.drupalcamp.com.br/sites/saopaulo.drupalcamp.com.br/modules/contrib/ctools/images/status-active.gif]
[saopaulo.drupalcamp.com.br/sites/saopaulo.drupalcamp.com.br/modules/contrib/ctools/images/arrow-active.6e.delayed]
[saopaulo.drupalcamp.com.br/sites/saopaulo.drupalcamp.com.br/modules/contrib/ctools/images/expanded-options.png]
[saopaulo.drupalcamp.com.br/sites/saopaulo.drupalcamp.com.br/modules/contrib/modal_forms/images/controls.png]
[saopaulo.drupalcamp.com.br/sites/saopaulo.drupalcamp.com.br/files/css/css_gWeu3RIgwwEdyUZHE71vk0989K9383vZXC6Tmyq16Xo.css]
[saopaulo.drupalcamp.com.br/sites/saopaulo.drupalcamp.com.br/themes/custom/drupalcamp/assets/fonts/glyphicons-halflings-regular.eot]
[saopaulo.drupalcamp.com.br/sites/saopaulo.drupalcamp.com.br/themes/custom/drupalcamp/assets/fonts/glyphicons-halflings-regular.72d41d.delayed]
[saopaulo.drupalcamp.com.br/sites/saopaulo.drupalcamp.com.br/themes/custom/drupalcamp/assets/fonts/glyphicons-halflings-regular.73.delayed]
[saopaulo.drupalcamp.com.br/sites/saopaulo.drupalcamp.com.br/themes/custom/drupalcamp/assets/fonts/glyphicons-halflings-regular.74.delayed]
[saopaulo.drupalcamp.com.br/sites/saopaulo.drupalcamp.com.br/themes/custom/drupalcamp/assets/fonts/glyphicons-halflings-regular.75.delayed]
[saopaulo.drupalcamp.com.br/sites/saopaulo.drupalcamp.com.br/themes/custom/drupalcamp/assets/fonts/glyphicons-halflings-regular.76.delayed]
[static.mailerlite.com/js/w/webforms.min70f1.js]
[saopaulo.drupalcamp.com.br/sites/saopaulo.drupalcamp.com.br/themes/custom/drupalcamp/assets/images/saopaulo.jpg]
[saopaulo.drupalcamp.com.br/sites/saopaulo.drupalcamp.com.br/files/css/css_bNTPp8D0cUuaefo1uEuyyddB03PECvdU3nTK1Is6B5M.css]
[cdnjs.cloudflare.com/ajax/libs/waypoints/2.0.3/waypoints.min.js]
[saopaulo.drupalcamp.com.br/sites/saopaulo.drupalcamp.com.br/modules/contrib/jquery_update/replace/ui/themes/base/minified/images/ui-icons_888888_256x240.png]
[saopaulo.drupalcamp.com.br/node/2.html]
[saopaulo.drupalcamp.com.br/sites/saopaulo.drupalcamp.com.br/files/css/css__-PtBWiPOKVyr_K5yFfl6WMllIkThfkO4HFCxukIe64.css]
[saopaulo.drupalcamp.com.br/node/26.html]
[saopaulo.drupalcamp.com.br/node/41.html]
[saopaulo.drupalcamp.com.br/sites/saopaulo.drupalcamp.com.br/themes/custom/drupalcamp/assets/fonts/glyphicons-halflings-regular.html]
[saopaulo.drupalcamp.com.br/sites/saopaulo.drupalcamp.com.br/modules/contrib/jquery_update/replace/jquery/1.10/jquery.min.js]
[saopaulo.drupalcamp.com.br/sites/saopaulo.drupalcamp.com.br/themes/custom/drupalcamp/assets/fonts/glyphicons-halflings-regulard41d.html]
[saopaulo.drupalcamp.com.br/sites/saopaulo.drupalcamp.com.br/modules/contrib/jquery_update/replace/ui/ui/minified/jquery-ui.min.js]
[saopaulo.drupalcamp.com.br/sites/saopaulo.drupalcamp.com.br/themes/custom/drupalcamp/assets/fonts/glyphicons-halflings-regular-2.html]
[saopaulo.drupalcamp.com.br/sites/saopaulo.drupalcamp.com.br/files/logodcamp2 (2).png]
[saopaulo.drupalcamp.com.br/sites/saopaulo.drupalcamp.com.br/themes/custom/drupalcamp/assets/fonts/glyphicons-halflings-regular-3.html]
[saopaulo.drupalcamp.com.br/sites/saopaulo.drupalcamp.com.br/themes/custom/drupalcamp/assets/fonts/glyphicons-halflings-regular-4.html]
[saopaulo.drupalcamp.com.br/sites/saopaulo.drupalcamp.com.br/files/imagens/joao.jpg]
[saopaulo.drupalcamp.com.br/sites/saopaulo.drupalcamp.com.br/themes/custom/drupalcamp/assets/fonts/glyphicons-halflings-regular-5.html]
[saopaulo.drupalcamp.com.br/sites/saopaulo.drupalcamp.com.br/files/imagens/leandro.jpg]
[saopaulo.drupalcamp.com.br/sites/saopaulo.drupalcamp.com.br/themes/custom/drupalcamp/assets/fonts/fontawesome-webfont3e6e.html]
[saopaulo.drupalcamp.com.br/sites/saopaulo.drupalcamp.com.br/files/imagens/rafael.jpg]
[saopaulo.drupalcamp.com.br/sites/saopaulo.drupalcamp.com.br/themes/custom/drupalcamp/assets/fonts/fontawesome-webfontd41d.html]
[saopaulo.drupalcamp.com.br/sites/saopaulo.drupalcamp.com.br/files/imagens/tiago_0.jpg]
[saopaulo.drupalcamp.com.br/sites/saopaulo.drupalcamp.com.br/themes/custom/drupalcamp/assets/fonts/fontawesome-webfont3e6e-2.html]
[saopaulo.drupalcamp.com.br/sites/saopaulo.drupalcamp.com.br/files/imagens/william.jpg]
[saopaulo.drupalcamp.com.br/sites/saopaulo.drupalcamp.com.br/themes/custom/drupalcamp/assets/fonts/fontawesome-webfont3e6e-3.html]
[saopaulo.drupalcamp.com.br/sites/saopaulo.drupalcamp.com.br/themes/custom/drupalcamp/assets/fonts/fontawesome-webfont3e6e-4.html]
[saopaulo.drupalcamp.com.br/sites/saopaulo.drupalcamp.com.br/files/imagens/phpsp.png]
[saopaulo.drupalcamp.com.br/sites/saopaulo.drupalcamp.com.br/themes/custom/drupalcamp/assets/fonts/fontawesome-webfont3e6e.svg]
[saopaulo.drupalcamp.com.br/sites/saopaulo.drupalcamp.com.br/files/imagens/mackenzie_logo.png]
[saopaulo.drupalcamp.com.br/sites/saopaulo.drupalcamp.com.br/themes/custom/drupalcamp/assets/css/throbber.html]
[saopaulo.drupalcamp.com.br/sites/saopaulo.drupalcamp.com.br/files/imagens/logo-psl-brasil.png]
[saopaulo.drupalcamp.com.br/sites/saopaulo.drupalcamp.com.br/files/imagens/drupalize-me.jpg]
[saopaulo.drupalcamp.com.br/sites/saopaulo.drupalcamp.com.br/files/imagens/dcamp-background-2_0.jpg]
[saopaulo.drupalcamp.com.br/sites/saopaulo.drupalcamp.com.br/files/imagens/ffw-logo.png]
